stm32f4xx_hal_msp.c:64:6:HAL_MspInit	16	static
stm32f4xx_hal_msp.c:86:6:HAL_DMA2D_MspInit	24	static
stm32f4xx_hal_msp.c:111:6:HAL_DMA2D_MspDeInit	16	static
stm32f4xx_hal_msp.c:136:6:HAL_I2C_MspInit	48	static
stm32f4xx_hal_msp.c:180:6:HAL_I2C_MspDeInit	16	static
stm32f4xx_hal_msp.c:211:6:HAL_LTDC_MspInit	64	static
stm32f4xx_hal_msp.c:325:6:HAL_LTDC_MspDeInit	16	static
stm32f4xx_hal_msp.c:389:6:HAL_SPI_MspInit	48	static
stm32f4xx_hal_msp.c:426:6:HAL_SPI_MspDeInit	16	static
stm32f4xx_hal_msp.c:456:6:HAL_TIM_Base_MspInit	24	static
stm32f4xx_hal_msp.c:478:6:HAL_TIM_Base_MspDeInit	16	static
stm32f4xx_hal_msp.c:500:6:HAL_UART_MspInit	48	static
stm32f4xx_hal_msp.c:536:6:HAL_UART_MspDeInit	16	static
stm32f4xx_hal_msp.c:561:13:HAL_FMC_MspInit	32	static
stm32f4xx_hal_msp.c:667:6:HAL_SDRAM_MspInit	16	static
stm32f4xx_hal_msp.c:679:13:HAL_FMC_MspDeInit	8	static
stm32f4xx_hal_msp.c:753:6:HAL_SDRAM_MspDeInit	16	static
