stm32f429i_discovery_lcd.c:150:9:BSP_LCD_Init	8	static
stm32f429i_discovery_lcd.c:191:10:BSP_LCD_GetXSize	8	static
stm32f429i_discovery_lcd.c:200:10:BSP_LCD_GetYSize	8	static
stm32f429i_discovery_lcd.c:210:6:BSP_LCD_LayerDefaultInit	4	static
stm32f429i_discovery_lcd.c:221:6:BSP_LCD_SelectLayer	16	static
stm32f429i_discovery_lcd.c:232:6:BSP_LCD_SetLayerVisible	16	static
stm32f429i_discovery_lcd.c:254:6:BSP_LCD_SetLayerVisible_NoReload	16	static
stm32f429i_discovery_lcd.c:273:6:BSP_LCD_SetTransparency	16	static
stm32f429i_discovery_lcd.c:285:6:BSP_LCD_SetTransparency_NoReload	16	static
stm32f429i_discovery_lcd.c:295:6:BSP_LCD_SetLayerAddress	16	static
stm32f429i_discovery_lcd.c:306:6:BSP_LCD_SetLayerAddress_NoReload	16	static
stm32f429i_discovery_lcd.c:319:6:BSP_LCD_SetLayerWindow	24	static
stm32f429i_discovery_lcd.c:337:6:BSP_LCD_SetLayerWindow_NoReload	24	static
stm32f429i_discovery_lcd.c:351:6:BSP_LCD_SetColorKeying	16	static
stm32f429i_discovery_lcd.c:364:6:BSP_LCD_SetColorKeying_NoReload	16	static
stm32f429i_discovery_lcd.c:375:6:BSP_LCD_ResetColorKeying	16	static
stm32f429i_discovery_lcd.c:386:6:BSP_LCD_ResetColorKeying_NoReload	16	static
stm32f429i_discovery_lcd.c:399:6:BSP_LCD_Relaod	16	static
stm32f429i_discovery_lcd.c:408:10:BSP_LCD_GetTextColor	4	static
stm32f429i_discovery_lcd.c:417:10:BSP_LCD_GetBackColor	4	static
stm32f429i_discovery_lcd.c:426:6:BSP_LCD_SetTextColor	16	static
stm32f429i_discovery_lcd.c:435:6:BSP_LCD_SetBackColor	16	static
stm32f429i_discovery_lcd.c:444:6:BSP_LCD_SetFont	16	static
stm32f429i_discovery_lcd.c:453:8:BSP_LCD_GetFont	4	static
stm32f429i_discovery_lcd.c:464:10:BSP_LCD_ReadPixel	32	static
stm32f429i_discovery_lcd.c:498:6:BSP_LCD_Clear	40	static
stm32f429i_discovery_lcd.c:508:6:BSP_LCD_ClearStringLine	32	static
stm32f429i_discovery_lcd.c:526:6:BSP_LCD_DisplayChar	24	static
stm32f429i_discovery_lcd.c:544:6:BSP_LCD_DisplayString	16	static
stm32f429i_discovery_lcd.c:549:6:BSP_LCD_DisplayStringAt	48	static
stm32f429i_discovery_lcd.c:603:6:BSP_LCD_DisplayStringAtLine	16	static
stm32f429i_discovery_lcd.c:614:6:BSP_LCD_DrawHLine	40	static
stm32f429i_discovery_lcd.c:631:6:BSP_LCD_DrawVLine	48	static
stm32f429i_discovery_lcd.c:649:6:BSP_LCD_DrawLine	56	static
stm32f429i_discovery_lcd.c:723:6:BSP_LCD_DrawRect	24	static
stm32f429i_discovery_lcd.c:740:6:BSP_LCD_DrawCircle	40	static
stm32f429i_discovery_lcd.c:779:6:BSP_LCD_DrawPolygon	32	static
stm32f429i_discovery_lcd.c:806:6:BSP_LCD_DrawEllipse	64	static
stm32f429i_discovery_lcd.c:838:6:BSP_LCD_DrawBitmap	56	static
stm32f429i_discovery_lcd.c:895:6:BSP_LCD_FillRect	48	static
stm32f429i_discovery_lcd.c:915:6:BSP_LCD_FillCircle	32	static
stm32f429i_discovery_lcd.c:966:6:BSP_LCD_FillTriangle	56	static
stm32f429i_discovery_lcd.c:1039:6:BSP_LCD_FillPolygon	64	static
stm32f429i_discovery_lcd.c:1107:6:BSP_LCD_FillEllipse	56	static
stm32f429i_discovery_lcd.c:1135:6:BSP_LCD_DisplayOn	8	static
stm32f429i_discovery_lcd.c:1146:6:BSP_LCD_DisplayOff	8	static
stm32f429i_discovery_lcd.c:1161:13:BSP_LCD_MspInit	64	static
stm32f429i_discovery_lcd.c:1245:6:BSP_LCD_DrawPixel	24	static
stm32f429i_discovery_lcd.c:1257:13:DrawChar	40	static
stm32f429i_discovery_lcd.c:1314:13:FillBuffer	32	static
stm32f429i_discovery_lcd.c:1345:13:ConvertLineToARGB8888	32	static
