stm32f429i_discovery.c:161:10:BSP_GetVersion	4	static
stm32f429i_discovery.c:173:6:BSP_LED_Init	48	static
stm32f429i_discovery.c:198:6:BSP_LED_On	16	static
stm32f429i_discovery.c:210:6:BSP_LED_Off	16	static
stm32f429i_discovery.c:222:6:BSP_LED_Toggle	16	static
stm32f429i_discovery.c:237:6:BSP_PB_Init	40	static
stm32f429i_discovery.c:274:10:BSP_PB_GetState	16	static
stm32f429i_discovery.c:289:13:I2Cx_MspInit	40	static
stm32f429i_discovery.c:400:13:I2Cx_Init	8	static
stm32f429i_discovery.c:408:13:I2Cx_ITConfig	32	static
stm32f429i_discovery.c:432:13:I2Cx_WriteData	40	static
stm32f429i_discovery.c:453:13:I2Cx_WriteBuffer	40	static
stm32f429i_discovery.c:473:16:I2Cx_ReadData	40	static
stm32f429i_discovery.c:498:16:I2Cx_ReadBuffer	40	static
stm32f429i_discovery.c:583:13:I2Cx_Error	8	static
stm32f429i_discovery.c:597:13:SPIx_Init	8	static
stm32f429i_discovery.c:607:17:SPIx_Read	24	static
stm32f429i_discovery.c:628:13:SPIx_Write	24	static
stm32f429i_discovery.c:648:16:SPIx_WriteRead	32	static
stm32f429i_discovery.c:665:13:SPIx_Error	8	static
stm32f429i_discovery.c:678:13:SPIx_MspInit	40	static
stm32f429i_discovery.c:702:6:LCD_IO_Init	40	static
stm32f429i_discovery.c:746:6:LCD_IO_WriteData	16	static
stm32f429i_discovery.c:762:6:LCD_IO_WriteReg	16	static
stm32f429i_discovery.c:781:10:LCD_IO_ReadData	24	static
stm32f429i_discovery.c:808:6:LCD_Delay	16	static
stm32f429i_discovery.c:822:6:IOE_Init	8	static
stm32f429i_discovery.c:830:6:IOE_ITConfig	8	static
stm32f429i_discovery.c:841:6:IOE_Write	16	static
stm32f429i_discovery.c:852:9:IOE_Read	16	static
stm32f429i_discovery.c:864:6:IOE_WriteMultiple	16	static
stm32f429i_discovery.c:877:10:IOE_ReadMultiple	16	static
stm32f429i_discovery.c:886:6:IOE_Delay	16	static
