stm32f429i_discovery_sdram.c:98:9:BSP_SDRAM_Init	8	static
stm32f429i_discovery_sdram.c:126:6:BSP_SDRAM_Initialization_sequence	24	static
stm32f429i_discovery_sdram.c:187:9:BSP_SDRAM_ReadData	24	static
stm32f429i_discovery_sdram.c:205:9:BSP_SDRAM_ReadData_DMA	24	static
stm32f429i_discovery_sdram.c:223:9:BSP_SDRAM_WriteData	24	static
stm32f429i_discovery_sdram.c:245:9:BSP_SDRAM_WriteData_DMA	24	static
stm32f429i_discovery_sdram.c:262:9:BSP_SDRAM_Sendcmd	16	static
stm32f429i_discovery_sdram.c:277:6:BSP_SDRAM_DMA_IRQHandler	8	static
stm32f429i_discovery_sdram.c:288:13:BSP_SDRAM_MspInit	72	static
stm32f429i_discovery_sdram.c:409:13:BSP_SDRAM_MspDeInit	16	static
